// Jest Snapshot v1, https://goo.gl/fbAQLP

exports[`MembersService Create member should return object member 1`] = `
Object {
  "createdAt": 2022-12-03T21:07:18.654Z,
  "id": 30,
  "name": "member_any",
}
`;

exports[`MembersService FindOne member should return  member 1`] = `null`;
